[
  {
    "category": "HATE",
    "provider_label": "Hate",
    "score": 0,
    "score_origin": "severity",
    "threshold": null,
    "flagged": false
  },
  {
    "category": "SELF_HARM",
    "provider_label": "SelfHarm",
    "score": 0.3333333333333333,
    "score_origin": "severity",
    "threshold": null,
    "flagged": false
  },
  {
    "category": "SEXUAL",
    "provider_label": "Sexual",
    "score": 0.6666666666666666,
    "score_origin": "severity",
    "threshold": null,
    "flagged": false
  },
  {
    "category": "VIOLENCE",
    "provider_label": "Violence",
    "score": 1,
    "score_origin": "severity",
    "threshold": null,
    "flagged": false
  }
]