[
  {
    "category": "VIOLENCE",
    "provider_label": "Violence",
    "score": 1,
    "score_origin": "severity",
    "threshold": null,
    "flagged": false
  },
  {
    "category": "OTHER",
    "provider_label": "TaskAdherence",
    "score": 0.6666666666666666,
    "score_origin": "severity",
    "threshold": null,
    "flagged": false
  }
]